// Jest Snapshot v1, https://goo.gl/fbAQLP

exports[`should render a App 1`] = `"<div><div><div class=\\"\\"><label>Sort: </label><button type=\\"button\\" class=\\"button\\" data-message=\\"This is sort by title button\\">Title</button><button type=\\"button\\" class=\\"button\\" data-message=\\"This is sort by recent publish year button\\">Recent Publish Year</button></div></div><ul><li><div class=\\"media\\"><div class=\\"image\\"><img src=\\"https://covers.openlibrary.org/b/id/258027-M.jpg\\" alt=\\"The Lord of the Rings\\" title=\\"The Lord of the Rings\\"></div><div class=\\"content\\"><div class=\\"fields\\"><label for=\\"title\\">Book Title:</label><span name=\\"title\\">The Lord of the Rings</span></div><div class=\\"fields\\"><label for=\\"author\\">Book Author:</label><span name=\\"author\\">J. R. R. Tolkien</span></div><div class=\\"fields\\"><label for=\\"publishYear\\">Published Year:</label><span name=\\"publishYear\\">1954</span></div></div></div></li></ul></div>"`;
